// Vitest Snapshot v1, https://vitest.dev/guide/snapshot.html

exports[`Nav > renders stable snapshot 1`] = `
<DocumentFragment>
  <nav
    class="bg-black/80 backdrop-blur-sm border-b border-white/10"
  >
    <div
      class="hidden md:block"
    >
      <div
        class="max-w-7xl mx-auto px-6 pt-6 pb-2"
      >
        <div
          class="flex justify-center"
        >
          <a
            aria-label="TD Studios - Home"
            class="flex items-center"
            href="/"
          >
            <div
              class="select-none h-16"
            >
              <img
                alt="TD Studios Logo"
                class="h-16 w-auto"
                height="64"
                src="/images/td-studios-logo.png"
                width="256"
              />
            </div>
            <span
              class="sr-only"
            >
              TD Studios
            </span>
          </a>
        </div>
      </div>
    </div>
    <div
      class="max-w-7xl mx-auto px-6 py-4 md:py-4"
    >
      <div
        class="flex items-center justify-between"
      >
        <div
          class="md:hidden flex-1 flex justify-center"
        >
          <a
            aria-label="TD Studios - Home"
            class="flex items-center"
            href="/"
          >
            <div
              class="select-none h-12"
            >
              <img
                alt="TD Studios Logo"
                class="h-16 w-auto"
                height="64"
                src="/images/td-studios-logo.png"
                width="256"
              />
            </div>
            <span
              class="sr-only"
            >
              TD Studios
            </span>
          </a>
        </div>
        <div
          class="hidden md:flex items-center justify-center flex-1 space-x-12"
        >
          <a
            class="text-lg font-medium tracking-wider transition-colors hover:text-white text-white/70"
            href="/work"
          >
            WORK
          </a>
          <a
            class="text-lg font-medium tracking-wider transition-colors hover:text-white text-white/70"
            href="/web"
          >
            WEB
          </a>
          <a
            class="text-lg font-medium tracking-wider transition-colors hover:text-white text-white/70"
            href="/dev"
          >
            DEV
          </a>
          <a
            class="text-lg font-medium tracking-wider transition-colors hover:text-white text-white/70"
            href="/social"
          >
            SOCIAL
          </a>
          <a
            class="text-lg font-medium tracking-wider transition-colors hover:text-white text-white/70"
            href="/design"
          >
            DESIGN
          </a>
          <a
            class="text-lg font-medium tracking-wider transition-colors hover:text-white text-white/70"
            href="/process"
          >
            PROCESS
          </a>
          <a
            class="text-lg font-medium tracking-wider transition-colors hover:text-white text-white/70"
            href="/resources"
          >
            RESOURCES
          </a>
          <a
            class="text-lg font-medium tracking-wider transition-colors hover:text-white text-white/70"
            href="/faq"
          >
            FAQ
          </a>
          <a
            class="text-lg font-medium tracking-wider transition-colors hover:text-white text-white/70"
            href="/contact"
          >
            CONTACT
          </a>
        </div>
        <div
          class="hidden md:flex items-center space-x-4"
        >
          <a
            aria-label="Call TD Studios at 347-485-9935"
            class="p-4 bg-neutral-900/70 backdrop-blur-sm rounded-lg hover:bg-blue-500/20 transition-all duration-300 group focus:outline-none focus:ring-2 focus:ring-blue-500/50"
            href="tel:347-485-9935"
          >
            <svg
              aria-hidden="true"
              class="lucide lucide-send w-6 h-6 text-white group-hover:text-blue-500 transition-colors"
              fill="none"
              height="24"
              stroke="currentColor"
              stroke-linecap="round"
              stroke-linejoin="round"
              stroke-width="2"
              viewBox="0 0 24 24"
              width="24"
              xmlns="http://www.w3.org/2000/svg"
            >
              <path
                d="M14.536 21.686a.5.5 0 0 0 .937-.024l6.5-19a.496.496 0 0 0-.635-.635l-19 6.5a.5.5 0 0 0-.024.937l7.93 3.18a2 2 0 0 1 1.112 1.11z"
              />
              <path
                d="m21.854 2.147-10.94 10.939"
              />
            </svg>
          </a>
          <a
            aria-label="Message TD Studios on WhatsApp"
            class="p-4 bg-neutral-900/70 backdrop-blur-sm rounded-lg hover:bg-green-500/20 transition-all duration-300 group focus:outline-none focus:ring-2 focus:ring-green-500/50"
            href="https://wa.me/13474859935"
            rel="noopener noreferrer"
            target="_blank"
          >
            <svg
              aria-hidden="true"
              class="lucide lucide-message-circle w-6 h-6 text-white group-hover:text-green-500 transition-colors"
              fill="none"
              height="24"
              stroke="currentColor"
              stroke-linecap="round"
              stroke-linejoin="round"
              stroke-width="2"
              viewBox="0 0 24 24"
              width="24"
              xmlns="http://www.w3.org/2000/svg"
            >
              <path
                d="M7.9 20A9 9 0 1 0 4 16.1L2 22Z"
              />
            </svg>
          </a>
          <a
            aria-label="Follow TD Studios on Instagram"
            class="p-4 bg-neutral-900/70 backdrop-blur-sm rounded-lg hover:bg-neutral-900/80 transition-all duration-300 group focus:outline-none focus:ring-2 focus:ring-white/30"
            href="https://instagram.com/tdstudiosco"
            rel="noopener noreferrer"
            target="_blank"
          >
            <svg
              aria-hidden="true"
              class="lucide lucide-instagram w-6 h-6 text-white group-hover:scale-110 transition-transform"
              fill="none"
              height="24"
              stroke="currentColor"
              stroke-linecap="round"
              stroke-linejoin="round"
              stroke-width="2"
              viewBox="0 0 24 24"
              width="24"
              xmlns="http://www.w3.org/2000/svg"
            >
              <rect
                height="20"
                rx="5"
                ry="5"
                width="20"
                x="2"
                y="2"
              />
              <path
                d="M16 11.37A4 4 0 1 1 12.63 8 4 4 0 0 1 16 11.37z"
              />
              <line
                x1="17.5"
                x2="17.51"
                y1="6.5"
                y2="6.5"
              />
            </svg>
          </a>
        </div>
        <button
          aria-expanded="false"
          aria-label="Open mobile menu"
          class="md:hidden p-4 bg-neutral-900/70 backdrop-blur-sm rounded-lg hover:bg-neutral-900/80 transition-all duration-300 focus:outline-none focus:ring-2 focus:ring-white/30 mobile-touch-target"
        >
          <svg
            aria-hidden="true"
            class="lucide lucide-menu w-6 h-6 text-white"
            fill="none"
            height="24"
            stroke="currentColor"
            stroke-linecap="round"
            stroke-linejoin="round"
            stroke-width="2"
            viewBox="0 0 24 24"
            width="24"
            xmlns="http://www.w3.org/2000/svg"
          >
            <line
              x1="4"
              x2="20"
              y1="12"
              y2="12"
            />
            <line
              x1="4"
              x2="20"
              y1="6"
              y2="6"
            />
            <line
              x1="4"
              x2="20"
              y1="18"
              y2="18"
            />
          </svg>
        </button>
      </div>
    </div>
  </nav>
</DocumentFragment>
`;
